// Jest Snapshot v1, https://goo.gl/fbAQLP

exports[`Flags renders 1`] = `
<DocumentFragment>
  <button
    class="btn-outline-borderless btn-outline-secondary  btn btn-sm btn-secondary"
    type="button"
  >
    <span
      class="inline-item inline-item-before"
    >
      <svg
        class="lexicon-icon lexicon-icon-flag-empty"
        role="presentation"
      >
        <use
          xlink:href="#flag-empty"
        />
      </svg>
    </span>
    <span>
      report
    </span>
  </button>
</DocumentFragment>
`;
